≡ƒÜÇ Starting Orchestrator Integrity Tests...

--- TEST 1: Chaos (Enterprise vs $0 Budget) ---
node.exe : Γ¥î Chaos 
Test Failed: 
TypeError: Cannot read 
properties of 
undefined (reading 
'toLowerCase')
At line:1 char:1
+ & "C:\Program 
Files\nodejs/node.exe" 
"C:\Users\INFINIX\AppDa
ta\Roamin ...
+ ~~~~~~~~~~~~~~~~~~~~~
~~~~~~~~~~~~~~~~~~~~~~~
~~~~~~~~~~~~~~~~~~~~~~~
~~
    + CategoryInfo     
         : NotSpecifi  
  ed: (Γ¥î Chaos Tes   
 t ... 'toLowerCase    
'):String) [], Rem    
oteException
    + FullyQualifiedEr 
   rorId : NativeComm  
  andError
 
    at <anonymous> (C:\
Users\INFINIX\Desktop\c
ampus fund\my-app\src\l
ib\archai\constraint-an
alyzer.ts:54:24)
    at Array.filter 
(<anonymous>)
    at 
analyzeConstraints (C:\
Users\INFINIX\Desktop\c
ampus fund\my-app\src\l
ib\archai\constraint-an
alyzer.ts:53:57)
    at 
generateBlueprint (C:\U
sers\INFINIX\Desktop\ca
mpus fund\my-app\src\li
b\archai\decision-engin
e.ts:17:37)
    at runTests (C:\Use
rs\INFINIX\Desktop\camp
us fund\my-app\verify-o
rchestrator.ts:20:23)
    at <anonymous> (C:\
Users\INFINIX\Desktop\c
ampus fund\my-app\verif
y-orchestrator.ts:65:1)
    at 
Object.<anonymous> (C:\
Users\INFINIX\Desktop\c
ampus fund\my-app\verif
y-orchestrator.ts:65:10
)
    at Module._compile 
(node:internal/modules/
cjs/loader:1706:14)
    at 
Object.transformer (C:\
Users\INFINIX\AppData\L
ocal\npm-cache\_npx\fd4
5a72a545557e9\node_modu
les\tsx\dist\register-D
46fvsV_.cjs:3:1104)
    at Module.load (nod
e:internal/modules/cjs/
loader:1441:32)

--- TEST 2: Determinism (Reproducible Traces) ---
Γ¥î Determinism Test 
Failed: TypeError: 
Cannot read properties 
of undefined (reading 
'toLowerCase')
    at <anonymous> (C:\
Users\INFINIX\Desktop\c
ampus fund\my-app\src\l
ib\archai\constraint-an
alyzer.ts:54:24)
    at Array.filter 
(<anonymous>)
    at 
analyzeConstraints (C:\
Users\INFINIX\Desktop\c
ampus fund\my-app\src\l
ib\archai\constraint-an
alyzer.ts:53:57)
    at 
generateBlueprint (C:\U
sers\INFINIX\Desktop\ca
mpus fund\my-app\src\li
b\archai\decision-engin
e.ts:17:37)
    at runTests (C:\Use
rs\INFINIX\Desktop\camp
us fund\my-app\verify-o
rchestrator.ts:42:24)

≡ƒÅü All Integrity Tests Completed.
